
The default interactive shell is now zsh.
To update your account to use zsh, please run `chsh -s /bin/zsh`.
For more details, please visit https://support.apple.com/kb/HT208050.
]0;~/Documents/RTeaching/ClusteringLesson[?1034h(base) Taras-MacBook-Pro:ClusteringLesson tarahenechowicz$ gig[Kt init
[33mhint: Using 'master' as the name for the initial branch. This default branch name[m
[33mhint: is subject to change. To configure the initial branch name to use in all[m
[33mhint: of your new repositories, which will suppress this warning, call:[m
[33mhint: [m
[33mhint: 	git config --global init.defaultBranch <name>[m
[33mhint: [m
[33mhint: Names commonly chosen instead of 'master' are 'main', 'trunk' and[m
[33mhint: 'development'. The just-created branch can be renamed via this command:[m
[33mhint: [m
[33mhint: 	git branch -m <name>[m
Initialized empty Git repository in /Users/tarahenechowicz/Documents/RTeaching/ClusteringLesson/.git/
]0;~/Documents/RTeaching/ClusteringLesson(base) Taras-MacBook-Pro:ClusteringLesson tarahenechowicz$ git setup -[Kremote upstea[K[Kream branch-
git: 'setup' is not a git command. See 'git --help'.

The most similar command is
	status
]0;~/Documents/RTeaching/ClusteringLesson(base) Taras-MacBook-Pro:ClusteringLesson tarahenechowicz$  git push --set-upstream <remote> <bran ch>[K[K[K[A[C[C[C[C[C[C[C[C[C[C[C[C[C[C[C[C[C[C[C[C[C[C[C[C[C[C[C[C[C[C[C[C[C[C[C[C[C[C[C[C[C[C[C[C[C[C[C[C[C[C[C[C[C[C[C[C[C[C[C[C[C[C[C[C[C[C[C[C[C[C[C[C[C[C[C[C[C[C[C[C[C[C[C[C[C[C[C[C[C[C[C[C[C[C[C[C[C[K
[K[A[C[C[C[C[C[C[C[C[C[C[C[C[C[C[C[C[C[C[C[C[C[C[C[C[C[C[C[C[C[C[C[C[C[C[C[C[C[C[C[C[C[C[C[C[C[C[C[C[C[C[C[C[C[C[C[C[C[C[C[C[C[C[C[C[C[C[C[C[C[C[C[C[C[C[C[C[C[C[C[C[C[C[C[C[C[C[C[C[C[C[C[C[C[C[C[C[C[K[K[K[K[K[K[K[K[K[K[K[Khttps://githu b.com/tarahenechowicz>
bash: syntax error near unexpected token `newline'
]0;~/Documents/RTeaching/ClusteringLesson(base) Taras-MacBook-Pro:ClusteringLesson tarahenechowicz$ git setup remote upstream branch-https: //github.com/tarahenechowicz[K[Cz[A[C[C[C[C[C[C[C[C[C[C[C[C[C[C[C[C[C[C[C[C[C[C[C[C[C[C[C[C[C[C[C[C[C[C[C[C[C[C[C[C[C[C[C[C[C[C[C[C[C[C[C[C[C[C[C[C[C[C[C[C[C[C[C[C[C[C[C[C[C[C[C[C[C[C[C[C[C[C[C[C[C[C[C[C[C[C[C[C[C[C[C[C[C[C[C[C[C[C[C[C[C[C[C upstream branch-https://[1Pgithub.com/tarahenechowicz[A[C[C[C[C[C[C[C[C[C[C[C[C[C[C[C[C[C[C[C[C[C[C[C[C[C[C[C[C[C[C[C[C[C[C[C[C[C[C[C[C[C[C[C[C[C[C[C upstream branch-https://g[1Pithub.com/tarahenechowicz[A[C[C[C[C[C[C[C[C[C[C[C[C[C[C[C[C[C[C[C[C[C[C[C[C[C[C[C[C[C[C[C[C[C[C[C[C[C[C[C[C[C[C[C[C[C[C[C upstream branch-https://gi[1Pthub.com/tarahenechowicz[A[C[C[C[C[C[C[C[C[C[C[C[C[C[C[C[C[C[C[C[C[C[C[C[C[C[C[C[C[C[C[C[C[C[C[C[C[C[C[C[C[C[C[C[C[C[C[C upstream branch-https://git[1Phub.com/tarahenechowicz[A[C[C[C[C[C[C[C[C[C[C[C[C[C[C[C[C[C[C[C[C[C[C[C[C[C[C[C[C[C[C[C[C[C[C[C[C[C[C[C[C[C[C[C[C[C[C[C upstream branch-https://gith[1Pub.com/tarahenechowicz[A[C[C[C[C[C[C[C[C[C[C[C[C[C[C[C[C[C[C[C[C[C[C[C[C[C[C[C[C[C[C[C[C[C[C[C[C[C[C[C[C[C[C[C[C[C[C[C upstream branch-https://githu[1Pb.com/tarahenechowicz[A[C[C[C[C[C[C[C[C[C[C[C[C[C[C[C[C[C[C[C[C[C[C[C[C[C[C[C[C[C[C[C[C[C[C[C[C[C[C[C[C[C[C[C[C[C[C[Cupstream branch-https://github[1P.com/tarahenechowicz[A[C[C[C[C[C[C[C[C[C[C[C[C[C[C[C[C[C[C[C[C[C[C[C[C[C[C[C[C[C[C[C[C[C[C[C[C[C[C[C[C[C[C[C[C[C[C[C upstream branch-https://github.[1Pcom/tarahenechowicz[A[C[C[C[C[C[C[C[C[C[C[C[C[C[C[C[C[C[C[C[C[C[C[C[C[C[C[C[C[C[C[C[C[C[C[C[C[C[C[C[C[C[C[C[C[C[C[C upstream branch-https://github.c[1Pom/tarahenechowicz[A[C[C[C[C[C[C[C[C[C[C[C[C[C[C[C[C[C[C[C[C[C[C[C[C[C[C[C[C[C[C[C[C[C[C[C[C[C[C[C[C[C[C[C[C[C[C[C upstream branch-https://github.co[1Pm/tarahenechowicz[A[C[C[C[C[C[C[C[C[C[C[C[C[C[C[C[C[C[C[C[C[C[C[C[C[C[C[C[C[C[C[C[C[C[C[C[C[C[C[C[C[C[C[C[C[C[C[C upstream branch-https://github.com[1P/tarahenechowicz[A[C[C[C[C[C[C[C[C[C[C[C[C[C[C[C[C[C[C[C[C[C[C[C[C[C[C[C[C[C[C[C[C[C[C[C[C[C[C[C[C[C[C[C[C[C[C[C upstream branch-https://github.com/[1Ptarahenechowicz[A[C[C[C[C[C[C[C[C[C[C[C[C[C[C[C[C[C[C[C[C[C[C[C[C[C[C[C[C[C[C[C[C[C[C[C[C[C[C[C[C[C[C[C[C[C[C[Co upstream branch-https://github.com/tarahenechowicz[A[C[C[C[C[C[C[C[C[C[C[C[C[C[C[C[C[C[C[C[C[C[C[C[C[C[C[C[C[C[C[C[C[C[C[C[C[C[C[C[C[C[C[C[C[C[C[C upstream branch-https://github.com/[1Ptarahenechowicz[A[C[C[C[C[C[C[C[C[C[C[C[C[C[C[C[C[C[C[C[C[C[C[C[C[C[C[C[C[C[C[C[C[C[C[C[C[C[C[C[C[C[C[C[C[C[C[Cp upstream branch-https://github.com/tarahenechowicz[A[C[C[C[C[C[C[C[C[C[C[C[C[C[C[C[C[C[C[C[C[C[C[C[C[C[C[C[C[C[C[C[C[C[C[C[C[C[C[C[C[C[C[C[C[C[C[Cu upstream branch-https://github.com/tarahenechowicz[A[C[C[C[C[C[C[C[C[C[C[C[C[C[C[C[C[C[C[C[C[C[C[C[C[C[C[C[C[C[C[C[C[C[C[C[C[C[C[C[C[C[C[C[C[C[C[Cs upstream branch-https://github.com/tarahenechowicz[A[C[C[C[C[C[C[C[C[C[C[C[C[C[C[C[C[C[C[C[C[C[C[C[C[C[C[C[C[C[C[C[C[C[C[C[C[C[C[C[C[C[C[C[C[C[C[Ch upstream branch-https://github.com/tarahenechowicz[A[C[C[C[C[C[C[C[C[C[C[C[C[C[C[C[C[C[C[C[C[C[C[C[C[C[C[C[C[C[C[C[C[C[C[C[C[C[C[C[C[C[C[C[C[C[C[C[C upstream branch-https://github.com/tarahenechowicz[A[C[C[C[C[C[C[C[C[C[C[C[C[C[C[C[C[C[C[C[C[C[C[C[C[C[C[C[C[C[C[C[C[C[C[C[C[C[C[C[C[C[C[C[C[C[C[C- upstream branch-https://github.com/tarahenechowicz[A[C[C[C[C[C[C[C[C[C[C[C[C[C[C[C[C[C[C[C[C[C[C[C[C[C[C[C[C[C[C[C[C[C[C[C[C[C[C[C[C[C[C[C[C[C[C[C- upstream branch-https://github.com/tarahenechowicz[A[C[C[C[C[C[C[C[C[C[C[C[C[C[C[C[C[C[C[C[C[C[C[C[C[C[C[C[C[C[C[C[C[C[C[C[C[C[C[C[C[C[C[C[C[C[C[Cs upstream branch-https://github.com/tarahenechowicz[A[C[C[C[C[C[C[C[C[C[C[C[C[C[C[C[C[C[C[C[C[C[C[C[C[C[C[C[C[C[C[C[C[C[C[C[C[C[C[C[C[C[C[C[C[C[C[Ce upstream branch-https://github.com/tarahenechowicz[A[C[C[C[C[C[C[C[C[C[C[C[C[C[C[C[C[C[C[C[C[C[C[C[C[C[C[C[C[C[C[C[C[C[C[C[C[C[C[C[C[C[C[C[C[C[C[Ct upstream branch-https://github.com/tarahenechowicz[A[C[C[C[C[C[C[C[C[C[C[C[C[C[C[C[C[C[C[C[C[C[C[C[C[C[C[C[C[C[C[C[C[C[C[C[C[C[C[C[C[C[C[C[C[C[C[C- upstream branch-https://github.com/tarahenechowicz[A[C[C[C[C[C[C[C[C[C[C[C[C[C[C[C[C[C[C[C[C[C[C[C[C[C[C[C[C[C[C[C[C[C[C[C[C[C[C[C[C[C[C[C[C[C[C[C

fatal: invalid refspec 'branch-https://github.com/tarahenechowicz'
]0;~/Documents/RTeaching/ClusteringLesson(base) Taras-MacBook-Pro:ClusteringLesson tarahenechowicz$ git push
fatal: No configured push destination.
Either specify the URL from the command-line or configure a remote repository using

    git remote add <name> <url>

and then push using the remote name

    git push <name>

]0;~/Documents/RTeaching/ClusteringLesson(base) Taras-MacBook-Pro:ClusteringLesson tarahenechowicz$ git remote add origin -[Khttps://github.co m/tarahenechowicz[K[A(base) Taras-MacBook-Pro:ClusteringLesson tarahenechowicz$ git remote add origin https://github.comm/tarahenechowicz[K[A(base) Taras-MacBook-Pro:ClusteringLesson tarahenechowicz$ git remote add origin https://github.comm/tarahenechowiczgit [K[K[K[K
]0;~/Documents/RTeaching/ClusteringLesson(base) Taras-MacBook-Pro:ClusteringLesson tarahenechowicz$ git init
Reinitialized existing Git repository in /Users/tarahenechowicz/Documents/RTeaching/ClusteringLesson/.git/
]0;~/Documents/RTeaching/ClusteringLesson(base) Taras-MacBook-Pro:ClusteringLesson tarahenechowicz$ git stage
Nothing specified, nothing added.
[33mhint: Maybe you wanted to say 'git add .'?[m
[33mhint: Turn this message off by running[m
[33mhint: "git config advice.addEmptyPathspec false"[m
]0;~/Documents/RTeaching/ClusteringLesson(base) Taras-MacBook-Pro:ClusteringLesson tarahenechowicz$ gist[K[Kt status
On branch master

No commits yet

Untracked files:
  (use "git add <file>..." to include in what will be committed)
	[31m.Rproj.user/[m
	[31mClustering.Rmd[m
	[31mClusteringLesson.Rproj[m
	[31mREADME.md[m

nothing added to commit but untracked files present (use "git add" to track)
]0;~/Documents/RTeaching/ClusteringLesson(base) Taras-MacBook-Pro:ClusteringLesson tarahenechowicz$ git add-A
git: 'add-A' is not a git command. See 'git --help'.
]0;~/Documents/RTeaching/ClusteringLesson(base) Taras-MacBook-Pro:ClusteringLesson tarahenechowicz$ git add - [KA
]0;~/Documents/RTeaching/ClusteringLesson(base) Taras-MacBook-Pro:ClusteringLesson tarahenechowicz$ git status
On branch master

No commits yet

Changes to be committed:
  (use "git rm --cached <file>..." to unstage)
	[32mnew file:   .Rproj.user/665D533C/console06/8ABB006C[m
	[32mnew file:   .Rproj.user/665D533C/console06/8ABB006C.env[m
	[32mnew file:   .Rproj.user/665D533C/console06/INDEX001[m
	[32mnew file:   .Rproj.user/665D533C/sources/prop/F787B0C3[m
	[32mnew file:   .Rproj.user/665D533C/sources/prop/F9CAB58D[m
	[32mnew file:   .Rproj.user/665D533C/sources/prop/INDEX[m
	[32mnew file:   .Rproj.user/665D533C/sources/s-E0C6812/1B5BC6A8-contents[m
	[32mnew file:   .Rproj.user/665D533C/sources/s-E0C6812/1F434950[m
	[32mnew file:   .Rproj.user/665D533C/sources/s-E0C6812/1F434950-contents[m
	[32mnew file:   .Rproj.user/665D533C/sources/s-E0C6812/40E865DF-contents[m
	[32mnew file:   .Rproj.user/665D533C/sources/s-E0C6812/580E58B4[m
	[32mnew file:   .Rproj.user/665D533C/sources/s-E0C6812/580E58B4-contents[m
	[32mnew file:   .Rproj.user/665D533C/sources/s-E0C6812/lock_file[m
	[32mnew file:   .Rproj.user/shared/notebooks/7161AFA-Clustering/1/665D533CE0C6812/chunks.json[m
	[32mnew file:   .Rproj.user/shared/notebooks/7161AFA-Clustering/1/s/chunks.json[m
	[32mnew file:   .Rproj.user/shared/notebooks/patch-chunk-names[m
	[32mnew file:   .Rproj.user/shared/notebooks/paths[m
	[32mnew file:   Clustering.Rmd[m
	[32mnew file:   ClusteringLesson.Rproj[m
	[32mnew file:   README.md[m

Changes not staged for commit:
  (use "git add <file>..." to update what will be committed)
  (use "git restore <file>..." to discard changes in working directory)
	[31mmodified:   .Rproj.user/665D533C/console06/8ABB006C[m

]0;~/Documents/RTeaching/ClusteringLesson(base) Taras-MacBook-Pro:ClusteringLesson tarahenechowicz$ git status
On branch master

No commits yet

Changes to be committed:
  (use "git rm --cached <file>..." to unstage)
	[32mnew file:   .Rproj.user/665D533C/console06/8ABB006C[m
	[32mnew file:   .Rproj.user/665D533C/console06/8ABB006C.env[m
	[32mnew file:   .Rproj.user/665D533C/console06/INDEX001[m
	[32mnew file:   .Rproj.user/665D533C/sources/prop/F787B0C3[m
	[32mnew file:   .Rproj.user/665D533C/sources/prop/F9CAB58D[m
	[32mnew file:   .Rproj.user/665D533C/sources/prop/INDEX[m
	[32mnew file:   .Rproj.user/665D533C/sources/s-E0C6812/1B5BC6A8-contents[m
	[32mnew file:   .Rproj.user/665D533C/sources/s-E0C6812/1F434950[m
	[32mnew file:   .Rproj.user/665D533C/sources/s-E0C6812/1F434950-contents[m
	[32mnew file:   .Rproj.user/665D533C/sources/s-E0C6812/40E865DF-contents[m
	[32mnew file:   .Rproj.user/665D533C/sources/s-E0C6812/580E58B4[m
	[32mnew file:   .Rproj.user/665D533C/sources/s-E0C6812/580E58B4-contents[m
	[32mnew file:   .Rproj.user/665D533C/sources/s-E0C6812/lock_file[m
	[32mnew file:   .Rproj.user/shared/notebooks/7161AFA-Clustering/1/665D533CE0C6812/chunks.json[m
	[32mnew file:   .Rproj.user/shared/notebooks/7161AFA-Clustering/1/s/chunks.json[m
	[32mnew file:   .Rproj.user/shared/notebooks/patch-chunk-names[m
	[32mnew file:   .Rproj.user/shared/notebooks/paths[m
	[32mnew file:   Clustering.Rmd[m
	[32mnew file:   ClusteringLesson.Rproj[m
	[32mnew file:   README.md[m

Changes not staged for commit:
  (use "git add <file>..." to update what will be committed)
  (use "git restore <file>..." to discard changes in working directory)
	[31mmodified:   .Rproj.user/665D533C/console06/8ABB006C[m

]0;~/Documents/RTeaching/ClusteringLesson(base) Taras-MacBook-Pro:ClusteringLesson tarahenechowicz$ git stage 
Nothing specified, nothing added.
[33mhint: Maybe you wanted to say 'git add .'?[m
[33mhint: Turn this message off by running[m
[33mhint: "git config advice.addEmptyPathspec false"[m
]0;~/Documents/RTeaching/ClusteringLesson(base) Taras-MacBook-Pro:ClusteringLesson tarahenechowicz$ git init
Reinitialized existing Git repository in /Users/tarahenechowicz/Documents/RTeaching/ClusteringLesson/.git/
]0;~/Documents/RTeaching/ClusteringLesson(base) Taras-MacBook-Pro:ClusteringLesson tarahenechowicz$ git commit
hint: Waiting for your editor to close the file... >[KAborting commit due to empty commit message.
]0;~/Documents/RTeaching/ClusteringLesson(base) Taras-MacBook-Pro:ClusteringLesson tarahenechowicz$ git commit '[K-m"[K '[K"i[Kadding beginnign file[K[K[K[K[K[K[Kng files"
[master (root-commit) 4819ba4] adding beginning files
 20 files changed, 273 insertions(+)
 create mode 100644 .Rproj.user/665D533C/console06/8ABB006C
 create mode 100644 .Rproj.user/665D533C/console06/8ABB006C.env
 create mode 100644 .Rproj.user/665D533C/console06/INDEX001
 create mode 100644 .Rproj.user/665D533C/sources/prop/F787B0C3
 create mode 100644 .Rproj.user/665D533C/sources/prop/F9CAB58D
 create mode 100644 .Rproj.user/665D533C/sources/prop/INDEX
 create mode 100644 .Rproj.user/665D533C/sources/s-E0C6812/1B5BC6A8-contents
 create mode 100644 .Rproj.user/665D533C/sources/s-E0C6812/1F434950
 create mode 100644 .Rproj.user/665D533C/sources/s-E0C6812/1F434950-contents
 create mode 100644 .Rproj.user/665D533C/sources/s-E0C6812/40E865DF-contents
 create mode 100644 .Rproj.user/665D533C/sources/s-E0C6812/580E58B4
 create mode 100644 .Rproj.user/665D533C/sources/s-E0C6812/580E58B4-contents
 create mode 100644 .Rproj.user/665D533C/sources/s-E0C6812/lock_file
 create mode 100644 .Rproj.user/shared/notebooks/7161AFA-Clustering/1/665D533CE0C6812/chunks.json
 create mode 100644 .Rproj.user/shared/notebooks/7161AFA-Clustering/1/s/chunks.json
 create mode 100644 .Rproj.user/shared/notebooks/patch-chunk-names
 create mode 100644 .Rproj.user/shared/notebooks/paths
 create mode 100644 Clustering.Rmd
 create mode 100644 ClusteringLesson.Rproj
 create mode 100644 README.md
]0;~/Documents/RTeaching/ClusteringLesson(base) Taras-MacBook-Pro:ClusteringLesson tarahenechowicz$ git remote add origin git@github.com:ta rahenechowicz/Clustering-Lesson.git
error: remote origin already exists.
]0;~/Documents/RTeaching/ClusteringLesson(base) Taras-MacBook-Pro:ClusteringLesson tarahenechowicz$ git remote d[Kshow origin
remote: Not Found
fatal: repository 'https://github.com/tarahenechowicz/' not found
]0;~/Documents/RTeaching/ClusteringLesson(base) Taras-MacBook-Pro:ClusteringLesson tarahenechowicz$ git remote remove origin
]0;~/Documents/RTeaching/ClusteringLesson(base) Taras-MacBook-Pro:ClusteringLesson tarahenechowicz$ git remote remove origin[2Pshow[C[C[C[C[C[C[Cadd origin git@github.com:tarrahenechowicz/Clustering-Lesson.git
]0;~/Documents/RTeaching/ClusteringLesson(base) Taras-MacBook-Pro:ClusteringLesson tarahenechowicz$ git push --set-[Kgit remote add origin git @github.com:tarahenechowicz/Clustering-Lesson.git[A[C[C[C[C[C[C[C[C[C[C[C[C[C[C[C[C[C[C[C[C[C[C[C[C[C[C[C[C[C[C[C[C[C[C[C[C[C[C[C[C[C[C[C[C[C[C[C[C[C[C[C[C[C[C[C[C[C[C[C[C[C[C[C[C[C[C[C[C[C[C[C[C[C[C[C[C[C[C[C[C[C[C[C[C[C[C[C[C[C[C[C[C[C[C[C[C[C]tgit remote add origin git@github.com:tarahenechowicz/Clustering-Lesson.git[A[C[C[C[C[C[C[C[C[C[C[C[C[C[C[C[C[C[C[C[C[C[C[Ctgit remote add origin git@[1Pgithub.com:tarahenechowicz/Clustering-Lesson.git[A[C[C[C[C[C[C[C[C[C[C[C[C[C[C[C[C[C[C[C[C[C[C[Ctgit remote add origin git@g[1Pithub.com:tarahenechowicz/Clustering-Lesson.git[A[C[C[C[C[C[C[C[C[C[C[C[C[C[C[C[C[C[C[C[C[C[C[Ctgit remote add origin git@gi[1Pthub.com:tarahenechowicz/Clustering-Lesson.git[A[C[C[C[C[C[C[C[C[C[C[C[C[C[C[C[C[C[C[C[C[C[C[Ctgit remote add origin git@git[1Phub.com:tarahenechowicz/Clustering-Lesson.git[A[C[C[C[C[C[C[C[C[C[C[C[C[C[C[C[C[C[C[C[C[C[C[C[Cgit remote add origin git@gith[1Pub.com:tarahenechowicz/Clustering-Lesson.git[A[C[C[C[C[C[C[C[C[C[C[C[C[C[C[C[C[C[C[C[C[C[C[C[Cgit remote add origin git@githu[1Pb.com:tarahenechowicz/Clustering-Lesson.git[A[C[C[C[C[C[C[C[C[C[C[C[C[C[C[C[C[C[C[C[C[C[C[C[Cgit remote add origin git@github[1P.com:tarahenechowicz/Clustering-Lesson.git[A[C[C[C[C[C[C[C[C[C[C[C[C[C[C[C[C[C[C[C[C[C[C[C[Cgit remote add origin git@github.[1Pcom:tarahenechowicz/Clustering-Lesson.git[A[C[C[C[C[C[C[C[C[C[C[C[C[C[C[C[C[C[C[C[C[C[C[C[Cgit remote add origin git@github.c[1Pom:tarahenechowicz/Clustering-Lesson.git[A[C[C[C[C[C[C[C[C[C[C[C[C[C[C[C[C[C[C[C[C[C[C[C[Cgit remote add origin git@github.co[1Pm:tarahenechowicz/Clustering-Lesson.git[A[C[C[C[C[C[C[C[C[C[C[C[C[C[C[C[C[C[C[C[C[C[C[C[Cgit remote add origin git@github.com[1P:tarahenechowicz/Clustering-Lesson.git[A[C[C[C[C[C[C[C[C[C[C[C[C[C[C[C[C[C[C[C[C[C[C[C[Cgit remote add origin git@github.com:[1Ptarahenechowicz/Clustering-Lesson.git[A[C[C[C[C[C[C[C[C[C[C[C[C[C[C[C[C[C[C[C[C[C[C[C[Cgit remote add origin git@github.com:t[1Parahenechowicz/Clustering-Lesson.git[A[C[C[C[C[C[C[C[C[C[C[C[C[C[C[C[C[C[C[C[C[C[C[C[Cgit remote add origin git@github.com:ta[1Prahenechowicz/Clustering-Lesson.git[A[C[C[C[C[C[C[C[C[C[C[C[C[C[C[C[C[C[C[C[C[C[C[C[Cit remote add origin git@github.com:tar[1Pahenechowicz/Clustering-Lesson.git[A[C[C[C[C[C[C[C[C[C[C[C[C[C[C[C[C[C[C[C[C[C[C[C[C

]0;~/Documents/RTeaching/ClusteringLesson(base) Taras-MacBook-Pro:ClusteringLesson tarahenechowicz$ git push
fatal: The current branch master has no upstream branch.
To push the current branch and set the remote as upstream, use

    git push --set-upstream origin master

]0;~/Documents/RTeaching/ClusteringLesson(base) Taras-MacBook-Pro:ClusteringLesson tarahenechowicz$ git push --set-upstream origin master
Warning: Permanently added the RSA host key for IP address '140.82.113.4' to the list of known hosts.
Enter passphrase for key '/Users/tarahenechowicz/.ssh/id_rsa': 
Enter passphrase for key '/Users/tarahenechowicz/.ssh/id_rsa': 
Enter passphrase for key '/Users/tarahenechowicz/.ssh/id_rsa': 
git@github.com: Permission denied (publickey).
fatal: Could not read from remote repository.

Please make sure you have the correct access rights
and the repository exists.
]0;~/Documents/RTeaching/ClusteringLesson(base) Taras-MacBook-Pro:ClusteringLesson tarahenechowicz$ git push 
fatal: The current branch master has no upstream branch.
To push the current branch and set the remote as upstream, use

    git push --set-upstream origin master

]0;~/Documents/RTeaching/ClusteringLesson(base) Taras-MacBook-Pro:ClusteringLesson tarahenechowicz$ git push --set-upstream origin master
Enter passphrase for key '/Users/tarahenechowicz/.ssh/id_rsa': 
Enter passphrase for key '/Users/tarahenechowicz/.ssh/id_rsa': 
Enter passphrase for key '/Users/tarahenechowicz/.ssh/id_rsa': 
git@github.com: Permission denied (publickey).
fatal: Could not read from remote repository.

Please make sure you have the correct access rights
and the repository exists.
]0;~/Documents/RTeaching/ClusteringLesson(base) Taras-MacBook-Pro:ClusteringLesson tarahenechowicz$ git push --set-upstream origin master[K--set-upstream origin master
Enter passphrase for key '/Users/tarahenechowicz/.ssh/id_rsa': 
Enter passphrase for key '/Users/tarahenechowicz/.ssh/id_rsa': 
Enter passphrase for key '/Users/tarahenechowicz/.ssh/id_rsa': 
git@github.com: Permission denied (publickey).
fatal: Could not read from remote repository.

Please make sure you have the correct access rights
and the repository exists.
]0;~/Documents/RTeaching/ClusteringLesson(base) Taras-MacBook-Pro:ClusteringLesson tarahenechowicz$ git push --set-upstream origin master
Warning: Permanently added the RSA host key for IP address '140.82.112.4' to the list of known hosts.
Enter passphrase for key '/Users/tarahenechowicz/.ssh/id_rsa': 
git@github.com: Permission denied (publickey).
fatal: Could not read from remote repository.

Please make sure you have the correct access rights
and the repository exists.
]0;~/Documents/RTeaching/ClusteringLesson(base) Taras-MacBook-Pro:ClusteringLesson tarahenechowicz$ git push --set-upstream origin master
Enter passphrase for key '/Users/tarahenechowicz/.ssh/id_rsa': 
git@github.com: Permission denied (publickey).
fatal: Could not read from remote repository.

Please make sure you have the correct access rights
and the repository exists.
]0;~/Documents/RTeaching/ClusteringLesson(base) Taras-MacBook-Pro:ClusteringLesson tarahenechowicz$ git push --set-upstream origin master
git@github.com: Permission denied (publickey).
fatal: Could not read from remote repository.

Please make sure you have the correct access rights
and the repository exists.
]0;~/Documents/RTeaching/ClusteringLesson(base) Taras-MacBook-Pro:ClusteringLesson tarahenechowicz$ rm -rf .[K~/.ssh/
]0;~/Documents/RTeaching/ClusteringLesson(base) Taras-MacBook-Pro:ClusteringLesson tarahenechowicz$ ssh-keygen 
Generating public/private rsa key pair.
Enter file in which to save the key (/Users/tarahenechowicz/.ssh/id_rsa): 
Created directory '/Users/tarahenechowicz/.ssh'.
Enter passphrase (empty for no passphrase): 
Enter same passphrase again: 
Your identification has been saved in /Users/tarahenechowicz/.ssh/id_rsa.
Your public key has been saved in /Users/tarahenechowicz/.ssh/id_rsa.pub.
The key fingerprint is:
SHA256:ASWb4iXl057K0aDR3sHRzBnCZx1vDwo947R5z5xDhlc tarahenechowicz@Taras-MacBook-Pro.local
The key's randomart image is:
+---[RSA 3072]----+
|      +o++.+..   |
|     + B.oB...   |
|    + O =o. = + E|
|   . B * + + B.o.|
|    o o S   =..+.|
|     . o     .++.|
|      o        o+|
|                .|
|                 |
+----[SHA256]-----+
]0;~/Documents/RTeaching/ClusteringLesson(base) Taras-MacBook-Pro:ClusteringLesson tarahenechowicz$ cat ~/..[Kssh/id_rsa.pub
ssh-rsa AAAAB3NzaC1yc2EAAAADAQABAAABgQDptkqJ6GOxSEnEYoc8++/vbQmmys2YUtb9nVga86n3wHF7zb4/k0vi/NlFRXIkg91jolEOVjPUWdd6NCyCTyifbneyN2o96Esl/pcr/1TdUbnN2c9e0PVq+Ulu37ZewWKDPNaQ66y8pOugLxq1KXQr2UIOvKyBOnCcQ0lUbez0Ar2Y6s3TZsp+YEbvdHLBE3R0Pj8XQW1eAYGDWoTqXhl8WLpMV5ngCA9bwCgjgpYaaq8OjHhf3IkKReMqWiYj7IIM/sLN2g2iOsFtF8g6Uwwdvuq6mtDKZJp5oQml/eu6ma8uzpht3jhALlwMLmNGp5TlgvQRLYbbAvIVWXng346MQF3lhEJG6WZKwDnS2KRQK7xMam/3XHJ0h0SKNCmDPohlfMLZKbroyl3qb6n6bnflq4bI/qZVWvy53mhvVZIRy/yaJMdHbQqetCXVFN5X0XvdZvVXVC6N9WjdvZu0wn80/8SQCmLo5FWtTnRXx8jaTpPXf0G3hUlrwuedk7rhsrM= tarahenechowicz@Taras-MacBook-Pro.local
]0;~/Documents/RTeaching/ClusteringLesson(base) Taras-MacBook-Pro:ClusteringLesson tarahenechowicz$ git push
fatal: The current branch master has no upstream branch.
To push the current branch and set the remote as upstream, use

    git push --set-upstream origin master

]0;~/Documents/RTeaching/ClusteringLesson(base) Taras-MacBook-Pro:ClusteringLesson tarahenechowicz$ git pushcat ~/.ssh/id_rsa.pub[10Pssh-keygen rm -rf ~/.ssh/git push --set-upstream origin master[K--set-upstream origin master
The authenticity of host 'github.com (140.82.112.4)' can't be established.
ECDSA key fingerprint is SHA256:p2QAMXNIC1TJYWeIOttrVc98/R1BUFWu3/LiyKgUfQM.
Are you sure you want to continue connecting (yes/no/[fingerprint])? yes
Warning: Permanently added 'github.com,140.82.112.4' (ECDSA) to the list of known hosts.
Enumerating objects: 29, done.
Counting objects:   3% (1/29)Counting objects:   6% (2/29)Counting objects:  10% (3/29)Counting objects:  13% (4/29)Counting objects:  17% (5/29)Counting objects:  20% (6/29)Counting objects:  24% (7/29)Counting objects:  27% (8/29)Counting objects:  31% (9/29)Counting objects:  34% (10/29)Counting objects:  37% (11/29)Counting objects:  41% (12/29)Counting objects:  44% (13/29)Counting objects:  48% (14/29)Counting objects:  51% (15/29)Counting objects:  55% (16/29)Counting objects:  58% (17/29)Counting objects:  62% (18/29)Counting objects:  65% (19/29)Counting objects:  68% (20/29)Counting objects:  72% (21/29)Counting objects:  75% (22/29)Counting objects:  79% (23/29)Counting objects:  82% (24/29)Counting objects:  86% (25/29)Counting objects:  89% (26/29)Counting objects:  93% (27/29)Counting objects:  96% (28/29)Counting objects: 100% (29/29)Counting objects: 100% (29/29), done.
Delta compression using up to 4 threads
Compressing objects:   4% (1/25)Compressing objects:   8% (2/25)Compressing objects:  12% (3/25)Compressing objects:  16% (4/25)Compressing objects:  20% (5/25)Compressing objects:  24% (6/25)Compressing objects:  28% (7/25)Compressing objects:  32% (8/25)Compressing objects:  36% (9/25)Compressing objects:  40% (10/25)Compressing objects:  44% (11/25)Compressing objects:  48% (12/25)Compressing objects:  52% (13/25)Compressing objects:  56% (14/25)Compressing objects:  60% (15/25)Compressing objects:  64% (16/25)Compressing objects:  68% (17/25)Compressing objects:  72% (18/25)Compressing objects:  76% (19/25)Compressing objects:  80% (20/25)Compressing objects:  84% (21/25)Compressing objects:  88% (22/25)Compressing objects:  92% (23/25)Compressing objects:  96% (24/25)Compressing objects: 100% (25/25)Compressing objects: 100% (25/25), done.
Writing objects:   3% (1/29)Writing objects:   6% (2/29)Writing objects:  10% (3/29)Writing objects:  13% (4/29)Writing objects:  17% (5/29)Writing objects:  20% (6/29)Writing objects:  24% (7/29)Writing objects:  27% (8/29)Writing objects:  31% (9/29)Writing objects:  34% (10/29)Writing objects:  37% (11/29)Writing objects:  41% (12/29)Writing objects:  44% (13/29)Writing objects:  48% (14/29)Writing objects:  51% (15/29)Writing objects:  58% (17/29)Writing objects:  62% (18/29)Writing objects:  65% (19/29)Writing objects:  68% (20/29)Writing objects:  72% (21/29)Writing objects:  75% (22/29)Writing objects:  79% (23/29)Writing objects:  82% (24/29)Writing objects:  86% (25/29)Writing objects:  89% (26/29)Writing objects:  93% (27/29)Writing objects:  96% (28/29)Writing objects: 100% (29/29)Writing objects: 100% (29/29), 5.62 KiB | 102.00 KiB/s, done.
Total 29 (delta 2), reused 0 (delta 0), pack-reused 0
remote: Resolving deltas:   0% (0/2)[Kremote: Resolving deltas:  50% (1/2)[Kremote: Resolving deltas: 100% (2/2)[Kremote: Resolving deltas: 100% (2/2), done.[K
To github.com:tarahenechowicz/Clustering-Lesson.git
 * [new branch]      master -> master
Branch 'master' set up to track remote branch 'master' from 'origin'.
]0;~/Documents/RTeaching/ClusteringLesson(base) Taras-MacBook-Pro:ClusteringLesson tarahenechowicz$ ls
Clustering.Rmd		ClusteringLesson.Rproj	README.md

The default interactive shell is now zsh.
To update your account to use zsh, please run `chsh -s /bin/zsh`.
For more details, please visit https://support.apple.com/kb/HT208050.
]0;~/Documents/RTeaching/ClusteringLesson[?1034h(base) Taras-MacBook-Pro:ClusteringLesson tarahenechowicz$ git stage
Nothing specified, nothing added.
[33mhint: Maybe you wanted to say 'git add .'?[m
[33mhint: Turn this message off by running[m
[33mhint: "git config advice.addEmptyPathspec false"[m
]0;~/Documents/RTeaching/ClusteringLesson(base) Taras-MacBook-Pro:ClusteringLesson tarahenechowicz$ git add -[K
Nothing specified, nothing added.
[33mhint: Maybe you wanted to say 'git add .'?[m
[33mhint: Turn this message off by running[m
[33mhint: "git config advice.addEmptyPathspec false"[m
]0;~/Documents/RTeaching/ClusteringLesson(base) Taras-MacBook-Pro:ClusteringLesson tarahenechowicz$ git add -Clustering.RM[Kmd
error: unknown switch `C'
usage: git add [<options>] [--] <pathspec>...

    -n, --dry-run         dry run
    -v, --verbose         be verbose

    -i, --interactive     interactive picking
    -p, --patch           select hunks interactively
    -e, --edit            edit current diff and apply
    -f, --force           allow adding otherwise ignored files
    -u, --update          update tracked files
    --renormalize         renormalize EOL of tracked files (implies -u)
    -N, --intent-to-add   record only the fact that the path will be added later
    -A, --all             add changes from all tracked and untracked files
    --ignore-removal      ignore paths removed in the working tree (same as --no-all)
    --refresh             don't add, only refresh the index
    --ignore-errors       just skip files which cannot be added because of errors
    --ignore-missing      check if - even missing - files are ignored in dry run
    --chmod (+|-)x        override the executable bit of the listed files
    --pathspec-from-file <file>
                          read pathspec from file
    --pathspec-file-nul   with --pathspec-from-file, pathspec elements are separated with NUL character

]0;~/Documents/RTeaching/ClusteringLesson(base) Taras-MacBook-Pro:ClusteringLesson tarahenechowicz$ git add -All
error: unknown switch `l'
usage: git add [<options>] [--] <pathspec>...

    -n, --dry-run         dry run
    -v, --verbose         be verbose

    -i, --interactive     interactive picking
    -p, --patch           select hunks interactively
    -e, --edit            edit current diff and apply
    -f, --force           allow adding otherwise ignored files
    -u, --update          update tracked files
    --renormalize         renormalize EOL of tracked files (implies -u)
    -N, --intent-to-add   record only the fact that the path will be added later
    -A, --all             add changes from all tracked and untracked files
    --ignore-removal      ignore paths removed in the working tree (same as --no-all)
    --refresh             don't add, only refresh the index
    --ignore-errors       just skip files which cannot be added because of errors
    --ignore-missing      check if - even missing - files are ignored in dry run
    --chmod (+|-)x        override the executable bit of the listed files
    --pathspec-from-file <file>
                          read pathspec from file
    --pathspec-file-nul   with --pathspec-from-file, pathspec elements are separated with NUL character

]0;~/Documents/RTeaching/ClusteringLesson(base) Taras-MacBook-Pro:ClusteringLesson tarahenechowicz$ git add -A
]0;~/Documents/RTeaching/ClusteringLesson(base) Taras-MacBook-Pro:ClusteringLesson tarahenechowicz$ git stage
Nothing specified, nothing added.
[33mhint: Maybe you wanted to say 'git add .'?[m
[33mhint: Turn this message off by running[m
[33mhint: "git config advice.addEmptyPathspec false"[m
]0;~/Documents/RTeaching/ClusteringLesson(base) Taras-MacBook-Pro:ClusteringLesson tarahenechowicz$ gist[K[Kt -[Kadd -"Clustering.Rmd"
error: unknown switch `C'
usage: git add [<options>] [--] <pathspec>...

    -n, --dry-run         dry run
    -v, --verbose         be verbose

    -i, --interactive     interactive picking
    -p, --patch           select hunks interactively
    -e, --edit            edit current diff and apply
    -f, --force           allow adding otherwise ignored files
    -u, --update          update tracked files
    --renormalize         renormalize EOL of tracked files (implies -u)
    -N, --intent-to-add   record only the fact that the path will be added later
    -A, --all             add changes from all tracked and untracked files
    --ignore-removal      ignore paths removed in the working tree (same as --no-all)
    --refresh             don't add, only refresh the index
    --ignore-errors       just skip files which cannot be added because of errors
    --ignore-missing      check if - even missing - files are ignored in dry run
    --chmod (+|-)x        override the executable bit of the listed files
    --pathspec-from-file <file>
                          read pathspec from file
    --pathspec-file-nul   with --pathspec-from-file, pathspec elements are separated with NUL character

]0;~/Documents/RTeaching/ClusteringLesson(base) Taras-MacBook-Pro:ClusteringLesson tarahenechowicz$ git stage
Nothing specified, nothing added.
[33mhint: Maybe you wanted to say 'git add .'?[m
[33mhint: Turn this message off by running[m
[33mhint: "git config advice.addEmptyPathspec false"[m
]0;~/Documents/RTeaching/ClusteringLesson(base) Taras-MacBook-Pro:ClusteringLesson tarahenechowicz$ st[K[Kgit status
On branch master
Your branch is up to date with 'origin/master'.

Changes to be committed:
  (use "git restore --staged <file>..." to unstage)
	[32mmodified:   .Rproj.user/665D533C/console06/8ABB006C[m
	[32mmodified:   .Rproj.user/665D533C/console06/8ABB006C.env[m
	[32mmodified:   .Rproj.user/665D533C/console06/INDEX001[m
	[32mmodified:   .Rproj.user/665D533C/sources/prop/F9CAB58D[m
	[32mdeleted:    .Rproj.user/665D533C/sources/s-E0C6812/1B5BC6A8-contents[m
	[32mdeleted:    .Rproj.user/665D533C/sources/s-E0C6812/1F434950[m
	[32mdeleted:    .Rproj.user/665D533C/sources/s-E0C6812/1F434950-contents[m
	[32mdeleted:    .Rproj.user/665D533C/sources/s-E0C6812/40E865DF-contents[m
	[32mdeleted:    .Rproj.user/665D533C/sources/s-E0C6812/580E58B4[m
	[32mdeleted:    .Rproj.user/665D533C/sources/s-E0C6812/580E58B4-contents[m
	[32mdeleted:    .Rproj.user/665D533C/sources/s-E0C6812/lock_file[m
	[32mmodified:   .Rproj.user/shared/notebooks/7161AFA-Clustering/1/s/chunks.json[m
	[32mnew file:   .gitignore[m
	[32mmodified:   Clustering.Rmd[m

Changes not staged for commit:
  (use "git add <file>..." to update what will be committed)
  (use "git restore <file>..." to discard changes in working directory)
	[31mmodified:   .Rproj.user/665D533C/console06/8ABB006C[m

]0;~/Documents/RTeaching/ClusteringLesson(base) Taras-MacBook-Pro:ClusteringLesson tarahenechowicz$ git stau[Ktus
On branch master
Your branch is up to date with 'origin/master'.

Changes to be committed:
  (use "git restore --staged <file>..." to unstage)
	[32mmodified:   .Rproj.user/665D533C/console06/8ABB006C[m
	[32mmodified:   .Rproj.user/665D533C/console06/8ABB006C.env[m
	[32mmodified:   .Rproj.user/665D533C/console06/INDEX001[m
	[32mmodified:   .Rproj.user/665D533C/sources/prop/F9CAB58D[m
	[32mdeleted:    .Rproj.user/665D533C/sources/s-E0C6812/1B5BC6A8-contents[m
	[32mdeleted:    .Rproj.user/665D533C/sources/s-E0C6812/1F434950[m
	[32mdeleted:    .Rproj.user/665D533C/sources/s-E0C6812/1F434950-contents[m
	[32mdeleted:    .Rproj.user/665D533C/sources/s-E0C6812/40E865DF-contents[m
	[32mdeleted:    .Rproj.user/665D533C/sources/s-E0C6812/580E58B4[m
	[32mdeleted:    .Rproj.user/665D533C/sources/s-E0C6812/580E58B4-contents[m
	[32mdeleted:    .Rproj.user/665D533C/sources/s-E0C6812/lock_file[m
	[32mmodified:   .Rproj.user/shared/notebooks/7161AFA-Clustering/1/s/chunks.json[m
	[32mnew file:   .gitignore[m
	[32mmodified:   Clustering.Rmd[m

Changes not staged for commit:
  (use "git add <file>..." to update what will be committed)
  (use "git restore <file>..." to discard changes in working directory)
	[31mmodified:   .Rproj.user/665D533C/console06/8ABB006C[m

]0;~/Documents/RTeaching/ClusteringLesson(base) Taras-MacBook-Pro:ClusteringLesson tarahenechowicz$ git 